[steve-tribute.netlify.app/index.html]
[backblue.gif]
[fade.gif]
[index.html]
[steve-tribute.netlify.app/steve.css]
[img.icons8.com/color-glass/96/000000/mac-os.png]
[steve-tribute.netlify.app/main.2.delayed]
[steve-tribute.netlify.app/pics/white.png]
[img.icons8.com/office/60/000000/steve-jobs.png]
[img.icons8.com/color-glass/60/000000/mac-os.png]
[img.icons8.com/external-icongeek26-outline-gradient-icongeek26/60/000000/external-music-notes-music-instruments-icongeek26-outline-gradient-icongeek26-2.png]
[img.icons8.com/office/65/000000/steve-jobs.png]
[img.icons8.com/color/96/000000/sliding-child.png]
[img.icons8.com/fluent/96/000000/graduation-cap.png]
[img.icons8.com/external-photo3ideastudio-flat-photo3ideastudio/96/000000/external-computer-gadget-photo3ideastudio-flat-photo3ideastudio.png]
[img.icons8.com/external-itim2101-flat-itim2101/96/000000/external-singer-life-style-avatar-itim2101-flat-itim2101.png]
[img.icons8.com/external-wanicon-flat-wanicon/96/000000/external-drugs-lifestyle-wanicon-flat-wanicon.png]
[img.icons8.com/external-justicon-lineal-color-justicon/96/000000/external-death-funeral-justicon-lineal-color-justicon.png]
[img.icons8.com/fluent/65/000000/checked.png]
[img.icons8.com/fluency/96/000000/person-male.png]
[img.icons8.com/color/96/000000/sales-performance.png]
[img.icons8.com/color/96/000000/iphone.png]
[img.icons8.com/external-victoruler-flat-gradient-victoruler/96/000000/external-time-food-and-delivery-victoruler-flat-gradient-victoruler.png]
[img.icons8.com/cotton/96/000000/company.png]
[img.icons8.com/nolan/64/iphone-x.png]
[cdn.vox-cdn.com/thumbor/w9t5YbaSQs7-a4DaVb5q9ewggrI=/1400x1400/filters_format(jpeg)/cdn.vox-cdn.com/uploads/chorus_asset/file/22863273/vpavic_210916_4760_0240.jpg]
[upload.wikimedia.org/wikipedia/commons/thumb/c/ca/IPhone_Logo_2016.svg/2560px-IPhone_Logo_2016.svg.png]
[cdn.vox-cdn.com/thumbor/nGSbzp2lNuy-uxUFnpWuH-tVNpo=/1400x1400/filters_format(jpeg)/cdn.vox-cdn.com/uploads/chorus_asset/file/22046467/vpavic_4291_20201113_0429.0.jpg]
[media.karousell.com/media/photos/products/2019/01/21/ipad_2017_space_grey_cellular__wifi_32gb_1548072828_7a6391ff_progressive.jpg]
[upload.wikimedia.org/wikipedia/commons/thumb/0/00/IPad_Logo_(2017).svg/1200px-IPad_Logo_(2017).svg.png]
[upload.wikimedia.org/wikipedia/commons/thumb/2/23/Apple_AirPods_Wordmark.svg/1280px-Apple_AirPods_Wordmark.svg.png]
[upload.wikimedia.org/wikipedia/commons/thumb/e/e4/Apple_Watch_official_logo.svg/2560px-Apple_Watch_official_logo.svg.png]
[ict-imgs.vgcloud.vn/2021/10/18/00/nhung-mau-smartwatch-dang-chu-y-ra-mat-thang-10-3.jpg]
[cdn0.vox-cdn.com/hermano/verge/product/image/9585/bfarsace_20210513_4583_0001sq.jpg]
[upload.wikimedia.org/wikipedia/commons/thumb/a/af/IMacLogo.svg/1200px-IMacLogo.svg.png]
[cdn.vox-cdn.com/thumbor/NjDMPDTX6Dove2oG8QNiNQQuFW0=/1400x1400/filters_format(jpeg)/cdn.vox-cdn.com/uploads/chorus_asset/file/22025411/dseifert_201107_4281_0009.0.jpg]
[cdn0.vox-cdn.com/hermano/verge/product/image/8581/akrales_170919_1976_0018_squ.jpg]
[upload.wikimedia.org/wikipedia/commons/thumb/2/28/Apple_TV_Plus_Logo.svg/2560px-Apple_TV_Plus_Logo.svg.png]
[cdn.vox-cdn.com/thumbor/f8rpxZCI33KJa-kTsA3JjjwDWSg=/1400x1400/filters_format(jpeg)/cdn.vox-cdn.com/uploads/chorus_asset/file/22461476/vpavic_4547_20210421_0131.jpg]
[img.icons8.com/fluency/60/000000/financial-dynamic-presentation.png]
[img.icons8.com/fluency/35/000000/faq.png]
[steve-tribute.netlify.app/index.html]
[steve-tribute.netlify.app/SFUIDisplay-Light.ttf]
[steve-tribute.netlify.app/SFUIDisplay-Semibold.otf]
[mindfulnesscoachingschool.com/wp-content/uploads/2015/06/steve-jobs.jpg]
[s2.glbimg.com/c0njEvOt3wIUeVxQyNkaGf8En2k=/512x320/smart/e.glbimg.com/og/ed/f/original/2015/02/24/steve-jobs.jpg]
[steve-tribute.netlify.app/steve.css]
[steve-tribute.netlify.app/main.html]
[vadevalor-site-asset.s3.amazonaws.com/themes/investment/images/steve.jpg]
